Script started on 2025-07-27 13:55:56+00:00 [TERM="xterm-256color" TTY="/dev/pts/0" COLUMNS="132" LINES="50"]
[?2004h(base) jupyter@instance-20250527-224052:~/iris_pipeline$ conda activate iris_env_c
[?2004l[?2004h(iris_env_c) jupyter@instance-20250527-224052:~/iris_pipeline$ git status
[?2004lOn branch main
Your branch is up to date with 'origin/main'.

Changes not staged for commit:
  (use "git add/rm <file>..." to update what will be committed)
  (use "git restore <file>..." to discard changes in working directory)
	[31mdeleted:    .ipynb_checkpoints/session_logs-checkpoint.txt[m
	[31mdeleted:    session_logs.txt[m

Untracked files:
  (use "git add <file>..." to include in what will be committed)
	[31m.ipynb_checkpoints/log_push-checkpoint.txt[m
	[31mlogs/[m

no changes added to commit (use "git add" and/or "git commit -a")
[?2004h(iris_env_c) jupyter@instance-20250527-224052:~/iris_pipeline$ echo $(date) - [C[C[C[C[C[1@"[C[C[C[C[C[C[C[C[C[CChecking week  [K6 CI/CI[KD pipeline before proceeding to g a[K[A[C[C[C[C[C[C[C[C[C[C[C[C[C[C[C[C[C[C[C[C[C[C[C[C[C[C[C[C[C[C[C[C[C[C[C[C[C[C[C[C[C[C[C[C[C[C[C[C[C[C[C[C[C[C[C[C[C[C[C[C[C[C[C[C[C[C[C[C[C[C[C[C[C[C[C[C[C[C[C[C[C[C[C[C[C[C[C[C[C[C[C[C[C[C[C[C[C[C[C[C[C[C[C[C[C[C[C[C[C[C[C[C[C[C[C[C[C[C[C[C[C[C[C[C[C[C[C[C[C[C[C[K
[K[A[C[C[C[C[C[C[C[C[C[C[C[C[C[C[C[C[C[C[C[C[C[C[C[C[C[C[C[C[C[C[C[C[C[C[C[C[C[C[C[C[C[C[C[C[C[C[C[C[C[C[C[C[C[C[C[C[C[C[C[C[C[C[C[C[C[C[C[C[C[C[C[C[C[C[C[C[C[C[C[C[C[C[C[C[C[C[C[C[C[C[C[C[C[C[C[C[C[C[C[C[C[C[C[C[C[C[C[C[C[C[C[C[C[C[C[C[C[C[C[C[C[C[C[C[C[C[C[C[C[C[Cw eek 7 set up"
[?2004lSun Jul 27 13:58:10 UTC 2025 - Checking week 6 CI/CD pipeline before proceeding to week 7 set up
[?2004h(iris_env_c) jupyter@instance-20250527-224052:~/iris_pipeline$ [7msudo timedatectl set-timezone Asia/Kolkata[27msudo timedatectl set-timezone Asia/Kolkata
[?2004l[?2004h(iris_env_c) jupyter@instance-20250527-224052:~/iris_pipeline$ sudo timedatectl set-timezone Asia/Kolkataecho "$(date) - Checking week 6 CI/CD pipeline before proceeding to week 7 set up"
[?2004lSun Jul 27 19:30:19 IST 2025 - Checking week 6 CI/CD pipeline before proceeding to week 7 set up
[?2004h(iris_env_c) jupyter@instance-20250527-224052:~/iris_pipeline$ echo "$(date) - Checking week 6 CI/CD pipeline before proceeding to week 7 set up"."[C >> logs/log_push_ga6.txt [K[K[K[K[K[K[Ka7.txxt[K[Kt
[?2004l[?2004h(iris_env_c) jupyter@instance-20250527-224052:~/iris_pipeline$ [H[2J(iris_env_c) jupyter@instance-20250527-224052:~/iris_pipeline$ git status
[?2004lOn branch main
Your branch is up to date with 'origin/main'.

Changes not staged for commit:
  (use "git add/rm <file>..." to update what will be committed)
  (use "git restore <file>..." to discard changes in working directory)
	[31mdeleted:    .ipynb_checkpoints/session_logs-checkpoint.txt[m
	[31mdeleted:    log_push.txt[m
	[31mdeleted:    session_logs.txt[m

Untracked files:
  (use "git add <file>..." to include in what will be committed)
	[31mlogs/[m

no changes added to commit (use "git add" and/or "git commit -a")
[?2004h(iris_env_c) jupyter@instance-20250527-224052:~/iris_pipeline$ git add .
[?2004l[?2004h(iris_env_c) jupyter@instance-20250527-224052:~/iris_pipeline$ git commit -m "Organized the log files into log folder and rema[K[Knamed th em week wise."
[?2004l[main 7260e33] Organized the log files into log folder and renamed them week wise.
 7 files changed, 22 insertions(+)
 rename log_push.txt => logs/.ipynb_checkpoints/log_push_ga6-checkpoint.txt (100%)
 create mode 100644 logs/.ipynb_checkpoints/log_push_ga7-checkpoint.txt
 rename .ipynb_checkpoints/session_logs-checkpoint.txt => logs/.ipynb_checkpoints/session_logs_ga6-checkpoint.txt (100%)
 create mode 100644 logs/log_push_ga6.txt
 create mode 100644 logs/log_push_ga7.txt
 rename session_logs.txt => logs/session_logs_ga6.txt (100%)
 create mode 100644 logs/session_logs_ga7.txt
[?2004h(iris_env_c) jupyter@instance-20250527-224052:~/iris_pipeline$ git push orgi[K[Kigin dev[K[K[K[K[K[K[K[K[K[K[K[K[K[K[K[K[K[K[Kgit push origin main
[?2004lTo https://github.com/ganeshbmc/MLOps_1.git
 [31m! [rejected]       [m main -> main (fetch first)
[31merror: failed to push some refs to 'https://github.com/ganeshbmc/MLOps_1.git'
[m[33mhint: Updates were rejected because the remote contains work that you do[m
[33mhint: not have locally. This is usually caused by another repository pushing[m
[33mhint: to the same ref. You may want to first integrate the remote changes[m
[33mhint: (e.g., 'git pull ...') before pushing again.[m
[33mhint: See the 'Note about fast-forwards' in 'git push --help' for details.[m
[?2004h(iris_env_c) jupyter@instance-20250527-224052:~/iris_pipeline$ git pull origin main
[?2004l[33mhint: Pulling without specifying how to reconcile divergent branches is[m
[33mhint: discouraged. You can squelch this message by running one of the following[m
[33mhint: commands sometime before your next pull:[m
[33mhint: [m
[33mhint:   git config pull.rebase false  # merge (the default strategy)[m
[33mhint:   git config pull.rebase true   # rebase[m
[33mhint:   git config pull.ff only       # fast-forward only[m
[33mhint: [m
[33mhint: You can replace "git config" with "git config --global" to set a default[m
[33mhint: preference for all repositories. You can also pass --rebase, --no-rebase,[m
[33mhint: or --ff-only on the command line to override the configured default per[m
[33mhint: invocation.[m
remote: Enumerating objects: 1, done.[K
remote: Counting objects: 100% (1/1)[Kremote: Counting objects: 100% (1/1), done.[K
remote: Total 1 (delta 0), reused 0 (delta 0), pack-reused 0 (from 0)[K
Unpacking objects: 100% (1/1)Unpacking objects: 100% (1/1), 911 bytes | 911.00 KiB/s, done.
From https://github.com/ganeshbmc/MLOps_1
 * branch            main       -> FETCH_HEAD
   cd3ac9a..401a72b  main       -> origin/main
hint: Waiting for your editor to close the file... [?2004h[?1049h[22;0;0t[1;50r(B[m[4l[?7h[39;49m[?1h=[?1h=[?25l[39;49m(B[m[H[2J[48;60H(B[0;7m[ Reading... ](B[m[48;59H(B[0;7m[ Read 6 lines ](B[m[H(B[0;7m  GNU nano 5.4                                 /home/jupyter/iris_pipeline/.git/MERGE_MSG                                           [1;131H(B[m[49d(B[0;7m^G(B[m Help[49;17H(B[0;7m^O(B[m Write Out    (B[0;7m^W(B[m Where Is     (B[0;7m^K(B[m Cut[49;65H(B[0;7m^T(B[m Execute[81G(B[0;7m^C(B[m Location     (B[0;7mM-U(B[m Undo[49;113H(B[0;7mM-A(B[m Set Mark[50d(B[0;7m^X(B[m Exit[50;17H(B[0;7m^R(B[m Read File    (B[0;7m^\(B[m Replace[49G(B[0;7m^U(B[m Paste[50;65H(B[0;7m^J(B[m Justify[81G(B[0;7m^_(B[m Go To Line   (B[0;7mM-E(B[m Redo[50;113H(B[0;7mM-6(B[m Copy[2dMerge branch 'main' of https://github.com/ganeshbmc/MLOps_1[3d[36m# Please enter a commit message to explain why this merge is necessary,[4d# especially if it merges an updated upstream into a topic branch.[5d#[6d# Lines starting with '#' will be ignored, and an empty message aborts[7d# the commit.[2d[39m(B[m[?12l[?25h[?25l[1;91H(B[0;7m*[131G(B[m7[2;47r8[2dM[1;50r[3;1H[?12l[?25h[?25l[2;47r[47;1H
[1;50r[2;1H[?12l[?25h[?25l[?12l[?25h[?25l[?12l[?25h[?25l[48d(B[0;7mSave modified buffer?                                                                                                               [49;1H Y(B[m Yes[K[50d(B[0;7m N(B[m No  [50;18H(B[0;7mC(B[m Cancel[K[48;23H[?12l[?25h[?25l[49d(B[0;7m^G(B[m Help[49;34H(B[0;7mM-D(B[m DOS Format