Script started on 2025-08-10 14:48:51+05:30 [TERM="xterm-256color" TTY="/dev/pts/0" COLUMNS="132" LINES="50"]
[?2004h(base) jupyter@instance-20250527-224052:~/iris_pipeline$ [H[2J(base) jupyter@instance-20250527-224052:~/iris_pipeline$ conda activate iris_env_c
[?2004l[?2004h(iris_env_c) jupyter@instance-20250527-224052:~/iris_pipeline$ git stau[Kts
[?2004lgit: 'stats' is not a git command. See 'git --help'.

The most similar command is
	status
[?2004h(iris_env_c) jupyter@instance-20250527-224052:~/iris_pipeline$ git status
[?2004lOn branch main
Your branch is up to date with 'origin/main'.

Untracked files:
  (use "git add <file>..." to include in what will be committed)
	[31mbias_explainability_demo/[m
	[31mlogs/session_logs_ga9.txt[m

nothing added to commit but untracked files present (use "git add" to track)
[?2004h(iris_env_c) jupyter@instance-20250527-224052:~/iris_pipeline$ git add .
[?2004l[?2004h(iris_env_c) jupyter@instance-20250527-224052:~/iris_pipeline$ git add .status
[?2004lOn branch main
Your branch is up to date with 'origin/main'.

Changes to be committed:
  (use "git restore --staged <file>..." to unstage)
	[32mnew file:   bias_explainability_demo/combine_data.py[m
	[32mnew file:   bias_explainability_demo/ga9_mlops.ipynb[m
	[32mnew file:   bias_explainability_demo/iris_combined.csv[m
	[32mnew file:   bias_explainability_demo/plan.md[m
	[32mnew file:   bias_explainability_demo/test_2025.csv[m
	[32mnew file:   bias_explainability_demo/train_2023_2024.csv[m
	[32mnew file:   logs/session_logs_ga9.txt[m

[?2004h(iris_env_c) jupyter@instance-20250527-224052:~/iris_pipeline$ git commit -m "Coding part of GA9 completed"
[?2004l[main 4e28e96] Coding part of GA9 completed
 7 files changed, 1967 insertions(+)
 create mode 100644 bias_explainability_demo/combine_data.py
 create mode 100644 bias_explainability_demo/ga9_mlops.ipynb
 create mode 100644 bias_explainability_demo/iris_combined.csv
 create mode 100644 bias_explainability_demo/plan.md
 create mode 100644 bias_explainability_demo/test_2025.csv
 create mode 100644 bias_explainability_demo/train_2023_2024.csv
 create mode 100644 logs/session_logs_ga9.txt
[?2004h(iris_env_c) jupyter@instance-20250527-224052:~/iris_pipeline$ git push origin main
[?2004lEnumerating objects: 12, done.
Counting objects:   8% (1/12)Counting objects:  16% (2/12)Counting objects:  25% (3/12)Counting objects:  33% (4/12)Counting objects:  41% (5/12)Counting objects:  50% (6/12)Counting objects:  58% (7/12)Counting objects:  66% (8/12)Counting objects:  75% (9/12)Counting objects:  83% (10/12)Counting objects:  91% (11/12)Counting objects: 100% (12/12)Counting objects: 100% (12/12), done.
Delta compression using up to 2 threads
Compressing objects:  10% (1/10)Compressing objects:  20% (2/10)Compressing objects:  30% (3/10)Compressing objects:  40% (4/10)Compressing objects:  50% (5/10)Compressing objects:  60% (6/10)Compressing objects:  70% (7/10)Compressing objects:  80% (8/10)Compressing objects:  90% (9/10)Compressing objects: 100% (10/10)Compressing objects: 100% (10/10), done.
Writing objects:  10% (1/10)Writing objects:  20% (2/10)Writing objects:  30% (3/10)Writing objects:  40% (4/10)Writing objects:  50% (5/10)Writing objects:  60% (6/10)Writing objects:  70% (7/10)Writing objects:  80% (8/10)Writing objects:  90% (9/10)Writing objects: 100% (10/10)Writing objects: 100% (10/10), 163.14 KiB | 2.72 MiB/s, done.
Total 10 (delta 4), reused 0 (delta 0), pack-reused 0
remote: Resolving deltas:   0% (0/4)[Kremote: Resolving deltas:  25% (1/4)[Kremote: Resolving deltas:  50% (2/4)[Kremote: Resolving deltas:  75% (3/4)[Kremote: Resolving deltas: 100% (4/4)[Kremote: Resolving deltas: 100% (4/4), completed with 2 local objects.[K
To https://github.com/ganeshbmc/MLOps_1.git
   87da537..4e28e96  main -> main
[?2004h(iris_env_c) jupyter@instance-20250527-224052:~/iris_pipeline$ exit
[?2004lexit

Script done on 2025-08-10 16:10:39+05:30 [COMMAND_EXIT_CODE="0"]
